// Vitest Snapshot v1, https://vitest.dev/guide/snapshot.html

exports[`availability layer component > should render availability layer element 1`] = `<DocumentFragment />`;
