// Vitest Snapshot v1, https://vitest.dev/guide/snapshot.html

exports[`map component > should render map 1`] = `
<DocumentFragment>
  <div
    class="oereb-client-map-wrapper"
  >
    <div
      class="oereb-client-map"
    >
      <div
        class="ol-viewport ol-touch"
        style="position: relative; overflow: hidden; width: 100%; height: 100%;"
      >
        <div
          class="ol-unselectable ol-layers"
          style="position: absolute; width: 100%; height: 100%; z-index: 0;"
        />
        <div
          class="ol-overlaycontainer"
          style="position: absolute; z-index: 0; width: 100%; height: 100%; pointer-events: none;"
        />
        <div
          class="ol-overlaycontainer-stopevent"
          style="position: absolute; z-index: 0; width: 100%; height: 100%; pointer-events: none;"
        >
          <div
            class="ol-overlay-container ol-selectable"
            style="position: absolute; pointer-events: auto; display: none;"
          >
            <div
              class="oereb-client-overlay"
            />
          </div>
          <div
            class="ol-zoom ol-unselectable ol-control"
            style="pointer-events: auto;"
          >
            <button
              class="ol-zoom-in"
              title="Zoom in"
              type="button"
            >
              +
            </button>
            <button
              class="ol-zoom-out"
              title="Zoom out"
              type="button"
            >
              â€“
            </button>
          </div>
          <div
            class="ol-attribution ol-unselectable ol-control ol-collapsed"
            style="pointer-events: auto;"
          >
            <button
              aria-expanded="false"
              title="Attributions"
              type="button"
            >
              <span
                class="ol-attribution-expand"
              >
                i
              </span>
            </button>
            <ul />
          </div>
        </div>
      </div>
    </div>
  </div>
</DocumentFragment>
`;
