// Jest Snapshot v1, https://goo.gl/fbAQLP

exports[`map query component should render map query 1`] = `<DocumentFragment />`;

exports[`map query component should render map query 2`] = `<DocumentFragment />`;

exports[`map query component should render map query 3`] = `<DocumentFragment />`;
