// Jest Snapshot v1, https://goo.gl/fbAQLP

exports[`documents component should render documents 1`] = `ReactWrapper {}`;
